123
wfe
efsf
eeew
˚